../Core/Src/main.c:69:6:print_msg	16	static
../Core/Src/main.c:73:6:LD3_start	8	static
../Core/Src/main.c:80:6:LD3_setPeriod	16	static
../Core/Src/main.c:87:6:LD3_setDuty	16	static
../Core/Src/main.c:98:5:main	112	static
../Core/Src/main.c:209:6:SystemClock_Config	88	static
../Core/Src/main.c:256:13:MX_ADC3_Init	24	static
../Core/Src/main.c:308:13:MX_TIM12_Init	56	static
../Core/Src/main.c:360:13:MX_USART3_UART_Init	8	static
../Core/Src/main.c:393:13:MX_USB_OTG_FS_PCD_Init	8	static
../Core/Src/main.c:428:13:MX_GPIO_Init	56	static
../Core/Src/main.c:489:6:Error_Handler	4	static,ignoring_inline_asm
